// Jest Snapshot v1, https://goo.gl/fbAQLP

exports[`<App /> should render 1`] = `null`;

exports[`<MapScreen /> renders correctly 1`] = `null`;
